// Jest Snapshot v1, https://goo.gl/fbAQLP

exports[`Cart should match snapshot with empty cart 1`] = `
<div>
  <div
    class="MuiPaper-root MuiPaper-elevation MuiPaper-rounded MuiPaper-elevation1 MuiCard-root css-l03i02-MuiPaper-root-MuiCard-root"
    style="--Paper-shadow: 0px 2px 1px -1px rgba(0,0,0,0.2),0px 1px 1px 0px rgba(0,0,0,0.14),0px 1px 3px 0px rgba(0,0,0,0.12);"
  >
    <div
      class="MuiCardContent-root css-19iapi7-MuiCardContent-root"
    >
      <svg
        aria-hidden="true"
        class="MuiSvgIcon-root MuiSvgIcon-fontSizeMedium css-dhyiz8-MuiSvgIcon-root"
        data-testid="ShoppingCartIcon"
        focusable="false"
        viewBox="0 0 24 24"
      >
        <path
          d="M7 18c-1.1 0-1.99.9-1.99 2S5.9 22 7 22s2-.9 2-2-.9-2-2-2M1 2v2h2l3.6 7.59-1.35 2.45c-.16.28-.25.61-.25.96 0 1.1.9 2 2 2h12v-2H7.42c-.14 0-.25-.11-.25-.25l.03-.12.9-1.63h7.45c.75 0 1.41-.41 1.75-1.03l3.58-6.49c.08-.14.12-.31.12-.48 0-.55-.45-1-1-1H5.21l-.94-2zm16 16c-1.1 0-1.99.9-1.99 2s.89 2 1.99 2 2-.9 2-2-.9-2-2-2"
        />
      </svg>
      <p
        class="MuiTypography-root MuiTypography-body1 MuiTypography-gutterBottom css-2qvmir-MuiTypography-root"
      >
        Your cart is empty
      </p>
      <button
        class="MuiButtonBase-root MuiButton-root MuiButton-outlined MuiButton-outlinedPrimary MuiButton-sizeMedium MuiButton-outlinedSizeMedium MuiButton-colorPrimary MuiButton-root MuiButton-outlined MuiButton-outlinedPrimary MuiButton-sizeMedium MuiButton-outlinedSizeMedium MuiButton-colorPrimary css-eicl6u-MuiButtonBase-root-MuiButton-root"
        id=":r0:"
        tabindex="0"
        type="button"
      >
        <span
          class="MuiButton-icon MuiButton-startIcon MuiButton-iconSizeMedium css-1sh91j5-MuiButton-startIcon"
        >
          <svg
            aria-hidden="true"
            class="MuiSvgIcon-root MuiSvgIcon-fontSizeMedium css-1umw9bq-MuiSvgIcon-root"
            data-testid="ArrowBackIcon"
            focusable="false"
            viewBox="0 0 24 24"
          >
            <path
              d="M20 11H7.83l5.59-5.59L12 4l-8 8 8 8 1.41-1.41L7.83 13H20z"
            />
          </svg>
        </span>
        Continue Shopping
      </button>
    </div>
  </div>
</div>
`;

exports[`Cart should match snapshot with items in cart 1`] = `
<div>
  <div
    class="MuiGrid-root MuiGrid-container MuiGrid-spacing-xs-3 css-1m697zz-MuiGrid-root"
  >
    <div
      class="MuiGrid-root MuiGrid-item MuiGrid-grid-xs-12 MuiGrid-grid-md-8 css-ngw6u5-MuiGrid-root"
    >
      <div
        class="MuiPaper-root MuiPaper-elevation MuiPaper-rounded MuiPaper-elevation1 MuiCard-root css-1j74uew-MuiPaper-root-MuiCard-root"
        style="--Paper-shadow: 0px 2px 1px -1px rgba(0,0,0,0.2),0px 1px 1px 0px rgba(0,0,0,0.14),0px 1px 3px 0px rgba(0,0,0,0.12);"
      >
        <div
          class="MuiCardHeader-root css-149tc0y-MuiCardHeader-root"
        >
          <div
            class="MuiCardHeader-content css-1jkp9bu-MuiCardHeader-content"
          >
            <span
              class="MuiTypography-root MuiTypography-h5 MuiCardHeader-title css-16xl4zq-MuiTypography-root"
            >
              <div
                class="MuiBox-root css-69i1ev"
              >
                <h6
                  class="MuiTypography-root MuiTypography-h6 css-1miy0lu-MuiTypography-root"
                >
                  Shopping Cart (
                  1
                   items)
                </h6>
                <button
                  class="MuiButtonBase-root MuiButton-root MuiButton-outlined MuiButton-outlinedPrimary MuiButton-sizeSmall MuiButton-outlinedSizeSmall MuiButton-colorPrimary MuiButton-root MuiButton-outlined MuiButton-outlinedPrimary MuiButton-sizeSmall MuiButton-outlinedSizeSmall MuiButton-colorPrimary css-g4mrdg-MuiButtonBase-root-MuiButton-root"
                  id=":r1:"
                  tabindex="0"
                  type="button"
                >
                  Clear Cart
                </button>
              </div>
            </span>
          </div>
        </div>
        <hr
          class="MuiDivider-root MuiDivider-fullWidth css-1jpc804-MuiDivider-root"
        />
        <div
          class="MuiCardContent-root css-1lt5qva-MuiCardContent-root"
        >
          <div
            class="MuiStack-root css-1sazv7p-MuiStack-root"
          >
            <div
              class="MuiPaper-root MuiPaper-elevation MuiPaper-rounded MuiPaper-elevation1 css-1fdopfm-MuiPaper-root"
              style="--Paper-shadow: 0px 2px 1px -1px rgba(0,0,0,0.2),0px 1px 1px 0px rgba(0,0,0,0.14),0px 1px 3px 0px rgba(0,0,0,0.12);"
            >
              <div
                class="MuiBox-root css-j0ozid"
              >
                <img
                  alt="Test Product"
                  class="MuiBox-root css-npxvs5"
                  src="test.jpg"
                />
                <div
                  class="MuiBox-root css-i9gxme"
                >
                  <h6
                    class="MuiTypography-root MuiTypography-subtitle1 css-1i3tsf3-MuiTypography-root"
                  >
                    Test Product
                  </h6>
                  <p
                    class="MuiTypography-root MuiTypography-body2 css-1wle3ir-MuiTypography-root"
                  >
                    $
                    29.99
                  </p>
                </div>
                <div
                  class="MuiBox-root css-axw7ok"
                >
                  <button
                    class="MuiButtonBase-root MuiIconButton-root MuiIconButton-sizeSmall css-155wbr6-MuiButtonBase-root-MuiIconButton-root"
                    id=":r2:"
                    tabindex="0"
                    type="button"
                  >
                    <span
                      class="MuiIconButton-loadingIndicator css-165vu30-MuiIconButton-loadingIndicator"
                    />
                    <svg
                      aria-hidden="true"
                      class="MuiSvgIcon-root MuiSvgIcon-fontSizeMedium css-1umw9bq-MuiSvgIcon-root"
                      data-testid="RemoveIcon"
                      focusable="false"
                      viewBox="0 0 24 24"
                    >
                      <path
                        d="M19 13H5v-2h14z"
                      />
                    </svg>
                  </button>
                  <p
                    class="MuiTypography-root MuiTypography-body1 css-owqrw6-MuiTypography-root"
                  >
                    2
                  </p>
                  <button
                    class="MuiButtonBase-root MuiIconButton-root MuiIconButton-sizeSmall css-155wbr6-MuiButtonBase-root-MuiIconButton-root"
                    id=":r3:"
                    tabindex="0"
                    type="button"
                  >
                    <span
                      class="MuiIconButton-loadingIndicator css-165vu30-MuiIconButton-loadingIndicator"
                    />
                    <svg
                      aria-hidden="true"
                      class="MuiSvgIcon-root MuiSvgIcon-fontSizeMedium css-1umw9bq-MuiSvgIcon-root"
                      data-testid="AddIcon"
                      focusable="false"
                      viewBox="0 0 24 24"
                    >
                      <path
                        d="M19 13h-6v6h-2v-6H5v-2h6V5h2v6h6z"
                      />
                    </svg>
                  </button>
                  <button
                    class="MuiButtonBase-root MuiIconButton-root MuiIconButton-colorError MuiIconButton-sizeSmall css-195ve3w-MuiButtonBase-root-MuiIconButton-root"
                    id=":r4:"
                    tabindex="0"
                    type="button"
                  >
                    <span
                      class="MuiIconButton-loadingIndicator css-165vu30-MuiIconButton-loadingIndicator"
                    />
                    <svg
                      aria-hidden="true"
                      class="MuiSvgIcon-root MuiSvgIcon-fontSizeMedium css-1umw9bq-MuiSvgIcon-root"
                      data-testid="DeleteIcon"
                      focusable="false"
                      viewBox="0 0 24 24"
                    >
                      <path
                        d="M6 19c0 1.1.9 2 2 2h8c1.1 0 2-.9 2-2V7H6zM19 4h-3.5l-1-1h-5l-1 1H5v2h14z"
                      />
                    </svg>
                  </button>
                </div>
              </div>
            </div>
          </div>
        </div>
      </div>
    </div>
    <div
      class="MuiGrid-root MuiGrid-item MuiGrid-grid-xs-12 MuiGrid-grid-md-4 css-18a7ljq-MuiGrid-root"
    >
      <div
        class="MuiPaper-root MuiPaper-elevation MuiPaper-rounded MuiPaper-elevation1 MuiCard-root css-s7uqjd-MuiPaper-root-MuiCard-root"
        style="--Paper-shadow: 0px 2px 1px -1px rgba(0,0,0,0.2),0px 1px 1px 0px rgba(0,0,0,0.14),0px 1px 3px 0px rgba(0,0,0,0.12);"
      >
        <div
          class="MuiCardHeader-root css-149tc0y-MuiCardHeader-root"
        >
          <div
            class="MuiCardHeader-content css-1jkp9bu-MuiCardHeader-content"
          >
            <span
              class="MuiTypography-root MuiTypography-h5 MuiCardHeader-title css-16xl4zq-MuiTypography-root"
            >
              Order Summary
            </span>
          </div>
        </div>
        <hr
          class="MuiDivider-root MuiDivider-fullWidth css-1jpc804-MuiDivider-root"
        />
        <div
          class="MuiCardContent-root css-1lt5qva-MuiCardContent-root"
        >
          <div
            class="MuiStack-root css-1sazv7p-MuiStack-root"
          >
            <div
              class="MuiBox-root css-gg4vpm"
            >
              <p
                class="MuiTypography-root MuiTypography-body1 css-k16oju-MuiTypography-root"
              >
                Subtotal
              </p>
              <p
                class="MuiTypography-root MuiTypography-body1 css-4leci6-MuiTypography-root"
              >
                $59.98
              </p>
            </div>
            <div
              class="MuiBox-root css-gg4vpm"
            >
              <p
                class="MuiTypography-root MuiTypography-body1 css-k16oju-MuiTypography-root"
              >
                Shipping
              </p>
              <p
                class="MuiTypography-root MuiTypography-body1 css-4leci6-MuiTypography-root"
              >
                Free
              </p>
            </div>
            <div
              class="MuiBox-root css-gg4vpm"
            >
              <p
                class="MuiTypography-root MuiTypography-body1 css-k16oju-MuiTypography-root"
              >
                Estimated tax
              </p>
              <p
                class="MuiTypography-root MuiTypography-body1 css-4leci6-MuiTypography-root"
              >
                $6.00
              </p>
            </div>
            <hr
              class="MuiDivider-root MuiDivider-fullWidth css-1jpc804-MuiDivider-root"
            />
            <div
              class="MuiBox-root css-gg4vpm"
            >
              <h6
                class="MuiTypography-root MuiTypography-h6 css-vvtk0a-MuiTypography-root"
              >
                Total
              </h6>
              <h6
                class="MuiTypography-root MuiTypography-h6 css-vvtk0a-MuiTypography-root"
              >
                $65.98
              </h6>
            </div>
            <button
              class="MuiButtonBase-root MuiButton-root MuiButton-contained MuiButton-containedPrimary MuiButton-sizeMedium MuiButton-containedSizeMedium MuiButton-colorPrimary MuiButton-fullWidth MuiButton-root MuiButton-contained MuiButton-containedPrimary MuiButton-sizeMedium MuiButton-containedSizeMedium MuiButton-colorPrimary MuiButton-fullWidth css-bks8m7-MuiButtonBase-root-MuiButton-root"
              id=":r5:"
              tabindex="0"
              type="button"
            >
              <span
                class="MuiButton-icon MuiButton-startIcon MuiButton-iconSizeMedium css-1sh91j5-MuiButton-startIcon"
              >
                <svg
                  aria-hidden="true"
                  class="MuiSvgIcon-root MuiSvgIcon-fontSizeMedium css-1umw9bq-MuiSvgIcon-root"
                  data-testid="CreditCardIcon"
                  focusable="false"
                  viewBox="0 0 24 24"
                >
                  <path
                    d="M20 4H4c-1.11 0-1.99.89-1.99 2L2 18c0 1.11.89 2 2 2h16c1.11 0 2-.89 2-2V6c0-1.11-.89-2-2-2m0 14H4v-6h16zm0-10H4V6h16z"
                  />
                </svg>
              </span>
              Continue to Checkout
            </button>
            <button
              class="MuiButtonBase-root MuiButton-root MuiButton-outlined MuiButton-outlinedPrimary MuiButton-sizeMedium MuiButton-outlinedSizeMedium MuiButton-colorPrimary MuiButton-fullWidth MuiButton-root MuiButton-outlined MuiButton-outlinedPrimary MuiButton-sizeMedium MuiButton-outlinedSizeMedium MuiButton-colorPrimary MuiButton-fullWidth css-acx9xf-MuiButtonBase-root-MuiButton-root"
              id=":r6:"
              tabindex="0"
              type="button"
            >
              <span
                class="MuiButton-icon MuiButton-startIcon MuiButton-iconSizeMedium css-1sh91j5-MuiButton-startIcon"
              >
                <svg
                  aria-hidden="true"
                  class="MuiSvgIcon-root MuiSvgIcon-fontSizeMedium css-1umw9bq-MuiSvgIcon-root"
                  data-testid="ArrowBackIcon"
                  focusable="false"
                  viewBox="0 0 24 24"
                >
                  <path
                    d="M20 11H7.83l5.59-5.59L12 4l-8 8 8 8 1.41-1.41L7.83 13H20z"
                  />
                </svg>
              </span>
              Continue Shopping
            </button>
            <div
              class="MuiBox-root css-1yuhvjn"
            >
              <h6
                class="MuiTypography-root MuiTypography-subtitle2 MuiTypography-gutterBottom css-10f82c-MuiTypography-root"
              >
                Secure Checkout
              </h6>
              <div
                class="MuiStack-root css-hbbo2v-MuiStack-root"
              >
                <img
                  alt="Visa"
                  class="MuiBox-root css-tv7otk"
                  src="https://cdn.visa.com/v2/assets/images/logos/visa/blue/logo.png"
                />
                <img
                  alt="Mastercard"
                  class="MuiBox-root css-tv7otk"
                  src="https://cdn.worldvectorlogo.com/logos/mastercard-7.svg"
                />
                <img
                  alt="PayPal"
                  class="MuiBox-root css-tv7otk"
                  src="https://www.paypalobjects.com/digitalassets/c/website/logo/full-text/pp_fc_hl.svg"
                />
              </div>
            </div>
            <div
              class="MuiBox-root css-1yuhvjn"
            >
              <p
                class="MuiTypography-root MuiTypography-body2 css-yj4wuh-MuiTypography-root"
              >
                <svg
                  aria-hidden="true"
                  class="MuiSvgIcon-root MuiSvgIcon-fontSizeSmall css-120dh41-MuiSvgIcon-root"
                  data-testid="LocalShippingIcon"
                  focusable="false"
                  viewBox="0 0 24 24"
                >
                  <path
                    d="M20 8h-3V4H3c-1.1 0-2 .9-2 2v11h2c0 1.66 1.34 3 3 3s3-1.34 3-3h6c0 1.66 1.34 3 3 3s3-1.34 3-3h2v-5zM6 18.5c-.83 0-1.5-.67-1.5-1.5s.67-1.5 1.5-1.5 1.5.67 1.5 1.5-.67 1.5-1.5 1.5m13.5-9 1.96 2.5H17V9.5zm-1.5 9c-.83 0-1.5-.67-1.5-1.5s.67-1.5 1.5-1.5 1.5.67 1.5 1.5-.67 1.5-1.5 1.5"
                  />
                </svg>
                Free shipping on all orders
              </p>
            </div>
          </div>
        </div>
      </div>
    </div>
  </div>
</div>
`;
