// Jest Snapshot v1, https://goo.gl/fbAQLP

exports[`CartItem should match snapshot 1`] = `
<div>
  <div
    class="MuiBox-root css-1qrcpvw"
  >
    <img
      alt="3D Mountain Model"
      class="MuiBox-root css-1rdmquv"
      src="/test-image.jpg"
    />
    <div
      class="MuiBox-root css-1dvcde2"
    >
      <div
        class="MuiBox-root css-1pvjqgb"
      >
        <div
          class="MuiBox-root css-1xhmi63"
        >
          <h6
            class="MuiTypography-root MuiTypography-h6 css-8hk0ii-MuiTypography-root"
          >
            3D Mountain Model
          </h6>
          <h5
            class="MuiTypography-root MuiTypography-h5 css-ckb6o2-MuiTypography-root"
          >
            $
            29.99
          </h5>
        </div>
        <div
          class="MuiBox-root css-tpfl5a"
        >
          <button
            class="MuiButtonBase-root MuiIconButton-root MuiIconButton-sizeSmall css-1iamo0-MuiButtonBase-root-MuiIconButton-root"
            id=":r0:"
            tabindex="0"
            type="button"
          >
            <span
              class="MuiIconButton-loadingIndicator css-165vu30-MuiIconButton-loadingIndicator"
            />
            <svg
              aria-hidden="true"
              class="MuiSvgIcon-root MuiSvgIcon-fontSizeMedium css-gx0v66-MuiSvgIcon-root"
              data-testid="RemoveIcon"
              focusable="false"
              viewBox="0 0 24 24"
            >
              <path
                d="M19 13H5v-2h14z"
              />
            </svg>
          </button>
          <p
            class="MuiTypography-root MuiTypography-body1 css-h5xjut-MuiTypography-root"
          >
            2
          </p>
          <button
            class="MuiButtonBase-root MuiIconButton-root MuiIconButton-sizeSmall css-1iamo0-MuiButtonBase-root-MuiIconButton-root"
            id=":r1:"
            tabindex="0"
            type="button"
          >
            <span
              class="MuiIconButton-loadingIndicator css-165vu30-MuiIconButton-loadingIndicator"
            />
            <svg
              aria-hidden="true"
              class="MuiSvgIcon-root MuiSvgIcon-fontSizeMedium css-gx0v66-MuiSvgIcon-root"
              data-testid="AddIcon"
              focusable="false"
              viewBox="0 0 24 24"
            >
              <path
                d="M19 13h-6v6h-2v-6H5v-2h6V5h2v6h6z"
              />
            </svg>
          </button>
          <button
            class="MuiButtonBase-root MuiIconButton-root MuiIconButton-colorError MuiIconButton-sizeSmall css-gf7rml-MuiButtonBase-root-MuiIconButton-root"
            id=":r2:"
            tabindex="0"
            type="button"
          >
            <span
              class="MuiIconButton-loadingIndicator css-165vu30-MuiIconButton-loadingIndicator"
            />
            <svg
              aria-hidden="true"
              class="MuiSvgIcon-root MuiSvgIcon-fontSizeMedium css-gx0v66-MuiSvgIcon-root"
              data-testid="DeleteIcon"
              focusable="false"
              viewBox="0 0 24 24"
            >
              <path
                d="M6 19c0 1.1.9 2 2 2h8c1.1 0 2-.9 2-2V7H6zM19 4h-3.5l-1-1h-5l-1 1H5v2h14z"
              />
            </svg>
          </button>
        </div>
      </div>
    </div>
  </div>
</div>
`;
