// Jest Snapshot v1, https://goo.gl/fbAQLP

exports[`CartSummary should match snapshot 1`] = `
<div>
  <div
    class="MuiBox-root css-yvg4p4"
  >
    <h5
      class="MuiTypography-root MuiTypography-h5 css-19hh0f1-MuiTypography-root"
    >
      Order Summary
    </h5>
    <div
      class="MuiStack-root css-1sazv7p-MuiStack-root"
    >
      <div
        class="MuiBox-root css-gg4vpm"
      >
        <p
          class="MuiTypography-root MuiTypography-body1 css-k16oju-MuiTypography-root"
        >
          Subtotal
        </p>
        <p
          class="MuiTypography-root MuiTypography-body1 css-rizt0-MuiTypography-root"
        >
          $99.99
        </p>
      </div>
      <div
        class="MuiBox-root css-gg4vpm"
      >
        <p
          class="MuiTypography-root MuiTypography-body1 css-k16oju-MuiTypography-root"
        >
          Shipping
        </p>
        <p
          class="MuiTypography-root MuiTypography-body1 css-wl91uy-MuiTypography-root"
        >
          Free
        </p>
      </div>
      <div
        class="MuiBox-root css-gg4vpm"
      >
        <p
          class="MuiTypography-root MuiTypography-body1 css-k16oju-MuiTypography-root"
        >
          Estimated tax
        </p>
        <p
          class="MuiTypography-root MuiTypography-body1 css-rizt0-MuiTypography-root"
        >
          $8.99
        </p>
      </div>
      <hr
        class="MuiDivider-root MuiDivider-fullWidth css-1jpc804-MuiDivider-root"
      />
      <div
        class="MuiBox-root css-gg4vpm"
      >
        <h6
          class="MuiTypography-root MuiTypography-h6 css-1miy0lu-MuiTypography-root"
        >
          Total
        </h6>
        <h6
          class="MuiTypography-root MuiTypography-h6 css-1miy0lu-MuiTypography-root"
        >
          $108.98
        </h6>
      </div>
    </div>
    <div
      class="MuiStack-root css-1wviqzt-MuiStack-root"
    >
      <button
        class="MuiButtonBase-root MuiButton-root MuiButton-contained MuiButton-containedPrimary MuiButton-sizeLarge MuiButton-containedSizeLarge MuiButton-colorPrimary MuiButton-root MuiButton-contained MuiButton-containedPrimary MuiButton-sizeLarge MuiButton-containedSizeLarge MuiButton-colorPrimary css-14lfj9a-MuiButtonBase-root-MuiButton-root"
        id=":r0:"
        tabindex="0"
        type="button"
      >
        Continue to Checkout
      </button>
      <button
        class="MuiButtonBase-root MuiButton-root MuiButton-outlined MuiButton-outlinedPrimary MuiButton-sizeLarge MuiButton-outlinedSizeLarge MuiButton-colorPrimary MuiButton-root MuiButton-outlined MuiButton-outlinedPrimary MuiButton-sizeLarge MuiButton-outlinedSizeLarge MuiButton-colorPrimary css-fdnlxf-MuiButtonBase-root-MuiButton-root"
        id=":r1:"
        tabindex="0"
        type="button"
      >
        Continue Shopping
      </button>
    </div>
    <div
      class="MuiBox-root css-4sywta"
    >
      <p
        class="MuiTypography-root MuiTypography-body2 css-19b5ozw-MuiTypography-root"
      >
        Secure Checkout
      </p>
      <div
        class="MuiStack-root css-hbbo2v-MuiStack-root"
      >
        <img
          alt="Visa"
          class="MuiBox-root css-tv7otk"
          src="https://cdn.visa.com/v2/assets/images/logos/visa/blue/logo.png"
        />
        <img
          alt="Mastercard"
          class="MuiBox-root css-tv7otk"
          src="https://cdn.worldvectorlogo.com/logos/mastercard-7.svg"
        />
        <img
          alt="PayPal"
          class="MuiBox-root css-tv7otk"
          src="https://www.paypalobjects.com/digitalassets/c/website/logo/full-text/pp_fc_hl.svg"
        />
      </div>
      <div
        class="MuiStack-root css-xqxc1w-MuiStack-root"
      >
        <svg
          class="MuiBox-root css-skhuem"
          viewBox="0 0 24 24"
        >
          <path
            d="M20 8H4M20 16H4"
            fill="currentColor"
          />
        </svg>
        <p
          class="MuiTypography-root MuiTypography-body2 css-1wle3ir-MuiTypography-root"
        >
          Free shipping on all orders
        </p>
      </div>
    </div>
  </div>
</div>
`;
