// Jest Snapshot v1, https://goo.gl/fbAQLP

exports[`ProductImage should match snapshot 1`] = `
<div>
  <div
    class="MuiPaper-root MuiPaper-elevation MuiPaper-rounded MuiPaper-elevation0 MuiCard-root css-1m3n6uh-MuiPaper-root-MuiCard-root"
    style="--Paper-shadow: none;"
  >
    <img
      alt="Test Product"
      class="MuiCardMedia-root MuiCardMedia-media MuiCardMedia-img css-154quz6-MuiCardMedia-root"
      src="test-image.jpg"
    />
  </div>
</div>
`;
